#./src/main/resources/Entities.map
#Fri Nov 10 17:10:26 CET 2017
story5=6418
story4=6417
story3=6416
message2=6382
story2=6415
message1=6381
story1=6414
socialIdentityManager5=6280
sponsorship5=6408
socialIdentityManager4=6279
sponsorship4=6407
socialIdentityManager3=6278
sponsorship3=6406
socialIdentityManager2=6277
sponsorship2=6405
socialIdentityManager1=6276
river=6338
sponsorship1=6404
configurationSystem=6234
personalRecord5=6360
personalRecord4=6359
manager5=6349
lake=6336
personalRecord3=6358
manager4=6348
personalRecord2=6357
manager3=6347
personalRecord1=6356
manager2=6346
manager1=6345
userAccountSponsor5=6254
userAccountSponsor4=6253
userAccountSponsor3=6252
userAccountSponsor2=6251
userAccountSponsor1=6250
messageFolder5=6270
messageFolder4=6269
messageFolder3=6268
messageFolder2=6267
messageFolder1=6266
stage6=6387
curricula5=6430
stage5=6393
curricula4=6429
stage4=6391
curricula3=6428
stage3=6389
curricula2=6427
stage2=6385
curricula1=6426
stage1=6384
category=6344
climbing=6342
tag5=6315
tag4=6314
endorserRecord5=6375
tag3=6313
endorserRecord4=6374
tag2=6312
endorserRecord3=6373
tag1=6311
endorserRecord2=6372
endorserRecord1=6371
savana=6337
trip5=6392
trip4=6390
trip3=6388
trip2=6386
trip1=6383
userAccountAuditor5=6259
userAccountAuditor4=6258
userAccountAuditor3=6257
userAccountAuditor2=6256
mountain=6339
userAccountAuditor1=6255
educationRecord5=6365
educationRecord4=6364
socialIdentityAdmin5=6275
educationRecord3=6363
socialIdentityAdmin4=6274
socialIdentityExplorer5=6295
educationRecord2=6362
socialIdentityAdmin3=6273
socialIdentityExplorer4=6294
educationRecord1=6361
socialIdentityAdmin2=6272
socialIdentityExplorer3=6293
socialIdentityAdmin1=6271
socialIdentityExplorer2=6292
safari=6343
userAccountRanger5=6249
userAccountManager5=6244
userAccountRanger4=6248
userAccountManager4=6243
userAccountRanger3=6247
socialIdentityExplorer=6291
userAccountManager3=6242
userAccountRanger2=6246
userAccountManager2=6241
userAccountRanger1=6245
userAccountManager1=6240
socialIdentitySponsor5=6290
socialIdentitySponsor4=6289
socialIdentitySponsor3=6288
socialIdentitySponsor2=6287
socialIdentitySponsor1=6286
note5=6398
note4=6397
sponsor5=6310
note3=6396
sponsor4=6309
note2=6395
sponsor3=6308
note1=6394
sponsor2=6307
sponsor1=6306
professionalRecord5=6370
professionalRecord4=6369
professionalRecord3=6368
professionalRecord2=6367
applicationFor7=6425
professionalRecord1=6366
applicationFor6=6424
applicationFor5=6423
applicationFor4=6422
applicationFor3=6421
applicationFor2=6420
applicationFor1=6419
ground=6341
userAccountExplorer6=6265
userAccountExplorer5=6264
userAccountExplorer4=6263
userAccountExplorer3=6262
userAccountExplorer2=6261
userAccountExplorer1=6260
legalText5=6335
legalText4=6334
legalText3=6333
userAccountAdmin5=6239
legalText2=6332
userAccountAdmin4=6238
legalText1=6331
userAccountAdmin3=6237
userAccountAdmin2=6236
userAccountAdmin1=6235
contactEmergency5=6330
contactEmergency4=6329
contactEmergency3=6328
contactEmergency2=6327
contactEmergency1=6326
auditrecord5=6403
auditrecord4=6402
auditrecord3=6401
miscellaneousRecord5=6380
auditrecord2=6400
miscellaneousRecord4=6379
auditrecord1=6399
miscellaneousRecord3=6378
miscellaneousRecord2=6377
miscellaneousRecord1=6376
socialIdentityRanger5=6285
socialIdentityRanger4=6284
survivalClass5=6413
socialIdentityRanger3=6283
survivalClass4=6412
socialIdentityRanger2=6282
explorer6=6355
survivalClass3=6411
socialIdentityRanger1=6281
explorer5=6354
survivalClass2=6410
explorer4=6353
survivalClass1=6409
explorer3=6352
explorer2=6351
explorer1=6350
socialIdentityAuditor5=6300
socialIdentityAuditor4=6299
socialIdentityAuditor3=6298
socialIdentityAuditor2=6297
socialIdentityAuditor1=6296
administrator5=6305
administrator4=6304
water=6340
administrator3=6303
administrator2=6302
administrator1=6301
ranger5=6320
ranger4=6319
ranger3=6318
ranger2=6317
ranger1=6316
auditor5=6325
auditor4=6324
auditor3=6323
auditor2=6322
auditor1=6321
